%!Adobe-FontList 1.22
%Locale:0x409

%BeginFont
Handler:DirectoryHandler
FontType:Invalid
OutlineFileName:/Users/valentine.moesch/Desktop/1450510 - MS Spring Recruitment E-Direct V1_MP 1450510 E_0321_Final Folder/Document fonts/AdobeFnt22.lst
FileLength:4367
FileModTime:639426842
%EndFont

%BeginFont
Handler:DirectoryHandler
FontType:Type1
FontName:ManulifeJHSansOptimized
FamilyName:Manulife JH Sans Optimized
StyleName:Regular
MenuName:Manulife JH Sans Optimized
StyleBits:0
WeightClass:400
WidthClass:5
AngleClass:0
FullName:Manulife JH Sans Optimized
WritingScript:Roman
OutlineFileName:/Users/valentine.moesch/Desktop/1450510 - MS Spring Recruitment E-Direct V1_MP 1450510 E_0321_Final Folder/Document fonts/ManulifeJHSansOptimized.otf
DataFormat:sfntData
UsesStandardEncoding:yes
isCFF:yes
hasSVG:no
VariableFontType:NonVariableFont
FileLength:63152
FileModTime:634859399
NameArray:0,Mac,18,Manulife JH Sans Optimized Regular
NameArray:0,Mac,4,Manulife JH Sans Optimized
NameArray:0,Win,1,Manulife JH Sans Optimized
%EndFont

%BeginFont
Handler:DirectoryHandler
FontType:TrueType
FontName:ManulifeJHSansTest4_2-Bold
FamilyName:Manulife JH Sans Test 4_2
StyleName:Bold
MenuName:Manulife JH Sans Test 4_2
StyleBits:2
WeightClass:700
WidthClass:5
AngleClass:0
FullName:Manulife JH Sans Test 4_2 Bold
WritingScript:Roman
OutlineFileName:/Users/valentine.moesch/Desktop/1450510 - MS Spring Recruitment E-Direct V1_MP 1450510 E_0321_Final Folder/Document fonts/ManulifeJHSansTest4_2-Bold.ttf
DataFormat:sfntData
hasSVG:no
VariableFontType:NonVariableFont
FileLength:88696
FileModTime:626281301
NameArray:0,Mac,4,Manulife JH Sans Test 4_2 Bold
NameArray:0,Win,1,Manulife JH Sans Test 4_2
%EndFont

%BeginFont
Handler:DirectoryHandler
FontType:TrueType
FontName:ManulifeJHSansTest4_2-Demibold
FamilyName:Manulife JH Sans Test 4_2
StyleName:Demibold
MenuName:Manulife JH Sans Test 4_2 DemiBd
StyleBits:0
WeightClass:600
WidthClass:5
AngleClass:0
FullName:Manulife JH Sans Test 4_2 Demibold
WritingScript:Roman
OutlineFileName:/Users/valentine.moesch/Desktop/1450510 - MS Spring Recruitment E-Direct V1_MP 1450510 E_0321_Final Folder/Document fonts/ManulifeJHSansTest4_2-Demibold.ttf
DataFormat:sfntData
hasSVG:no
VariableFontType:NonVariableFont
FileLength:92396
FileModTime:626281301
NameArray:0,Mac,18,Manulife JH Test 4_2 Demibold
NameArray:0,Mac,4,Manulife JH Sans Test 4_2 Demibold
NameArray:0,Win,1,Manulife JH Sans Test 4_2 DemiBd
NameArray:0,Win,16,Manulife JH Sans Test 4_2
%EndFont

%BeginFont
Handler:DirectoryHandler
FontType:TrueType
FontName:ManulifeJHSansTest4_2
FamilyName:Manulife JH Sans Test 4_2
StyleName:Regular
MenuName:Manulife JH Sans Test 4_2
StyleBits:0
WeightClass:400
WidthClass:5
AngleClass:0
FullName:Manulife JH Sans Test 4_2
WritingScript:Roman
OutlineFileName:/Users/valentine.moesch/Desktop/1450510 - MS Spring Recruitment E-Direct V1_MP 1450510 E_0321_Final Folder/Document fonts/ManulifeJHSansTest4_2.ttf
DataFormat:sfntData
hasSVG:no
VariableFontType:NonVariableFont
FileLength:89324
FileModTime:626281300
NameArray:0,Mac,18,Manulife JH Test 4_2 Regular
NameArray:0,Mac,4,Manulife JH Sans Test 4_2
NameArray:0,Win,1,Manulife JH Sans Test 4_2
%EndFont

%BeginFont
Handler:DirectoryHandler
FontType:Type1
FontName:ManulifeJHSerifOptimized-Italic
FamilyName:Manulife JH Serif Optimized
StyleName:Italic
MenuName:Manulife JH Serif Optimized
StyleBits:1
WeightClass:400
WidthClass:5
AngleClass:1
FullName:Manulife JH Serif Optimized Italic
WritingScript:Roman
OutlineFileName:/Users/valentine.moesch/Desktop/1450510 - MS Spring Recruitment E-Direct V1_MP 1450510 E_0321_Final Folder/Document fonts/ManulifeJHSerifOptimized-Italic.otf
DataFormat:sfntData
UsesStandardEncoding:yes
isCFF:yes
hasSVG:no
VariableFontType:NonVariableFont
FileLength:71920
FileModTime:634859400
NameArray:0,Mac,18,Manulife JH Serif Optimized It
NameArray:0,Mac,4,Manulife JH Serif Optimized Italic
NameArray:0,Win,1,Manulife JH Serif Optimized
NameArray:0,Win,16,Manulife JH Serif Optimized
%EndFont

%BeginFont
Handler:DirectoryHandler
FontType:Type1
FontName:MinionPro-Regular
FamilyName:Minion Pro
StyleName:Regular
MenuName:Minion Pro
StyleBits:0
WeightClass:400
WidthClass:5
AngleClass:0
FullName:Minion Pro
WritingScript:Roman
OutlineFileName:/Users/valentine.moesch/Desktop/1450510 - MS Spring Recruitment E-Direct V1_MP 1450510 E_0321_Final Folder/Document fonts/MinionPro-Regular.otf
DataFormat:sfntData
UsesStandardEncoding:yes
isCFF:yes
hasSVG:no
VariableFontType:NonVariableFont
FileLength:218640
FileModTime:626280746
DesignSize:110
NameArray:0,Mac,4,Minion Pro
NameArray:0,Win,1,Minion Pro
%EndFont

